[0] "foo, -2, -1"
[1] "foo, -2, 0"
[2] "foo, -2, 0"
[3] "foo, -2, 3"
[4] "foo, -2, 4"
[5] "foo, -2, 5"
[6] "foo, -2, 8"
[7] "foo, -2, 9"
[8] "foo, -2, 10"
[9] "foo, -1, -1"
[10] "foo, -1, 0"
[11] "foo, -1, 0"
[12] "foo, -1, 3"
[13] "foo, -1, 4"
[14] "foo, -1, 5"
[15] "foo, -1, 8"
[16] "foo, -1, 9"
[17] "foo, -1, 10"
[18] "foo, 0, -1"
[19] "foo, 0, 0"
[20] "foo, 0, 0"
[21] "foo, 0, 4"
[22] "foo, 0, 5"
[23] "foo, 0, 6"
[24] "foo, 0, 9"
[25] "foo, 0, 10"
[26] "foo, 0, 11"
[27] "foo, 48, -1"
[28] "foo, 48, 0"
[29] "foo, 48, 0"
[30] "foo, 48, 4"
[31] "foo, 48, 5"
[32] "foo, 48, 6"
[33] "foo, 48, 9"
[34] "foo, 48, 10"
[35] "foo, 48, 11"
[36] "foo, 49, -1"
[37] "foo, 49, 0"
[38] "foo, 49, 0"
[39] "foo, 49, 4"
[40] "foo, 49, 5"
[41] "foo, 49, 6"
[42] "foo, 49, 9"
[43] "foo, 49, 10"
[44] "foo, 49, 11"
[45] "foo, 50, -1"
[46] "foo, 50, 0"
[47] "foo, 50, 0"
[48] "foo, 50, 4"
[49] "foo, 50, 5"
[50] "foo, 50, 6"
[51] "foo, 50, 9"
[52] "foo, 50, 10"
[53] "foo, 50, 11"
[54] "Aged Brie, -2, 1"
[55] "Aged Brie, -2, 2"
[56] "Aged Brie, -2, 3"
[57] "Aged Brie, -2, 7"
[58] "Aged Brie, -2, 8"
[59] "Aged Brie, -2, 9"
[60] "Aged Brie, -2, 12"
[61] "Aged Brie, -2, 13"
[62] "Aged Brie, -2, 14"
[63] "Aged Brie, -1, 1"
[64] "Aged Brie, -1, 2"
[65] "Aged Brie, -1, 3"
[66] "Aged Brie, -1, 7"
[67] "Aged Brie, -1, 8"
[68] "Aged Brie, -1, 9"
[69] "Aged Brie, -1, 12"
[70] "Aged Brie, -1, 13"
[71] "Aged Brie, -1, 14"
[72] "Aged Brie, 0, 0"
[73] "Aged Brie, 0, 1"
[74] "Aged Brie, 0, 2"
[75] "Aged Brie, 0, 6"
[76] "Aged Brie, 0, 7"
[77] "Aged Brie, 0, 8"
[78] "Aged Brie, 0, 11"
[79] "Aged Brie, 0, 12"
[80] "Aged Brie, 0, 13"
[81] "Aged Brie, 48, 0"
[82] "Aged Brie, 48, 1"
[83] "Aged Brie, 48, 2"
[84] "Aged Brie, 48, 6"
[85] "Aged Brie, 48, 7"
[86] "Aged Brie, 48, 8"
[87] "Aged Brie, 48, 11"
[88] "Aged Brie, 48, 12"
[89] "Aged Brie, 48, 13"
[90] "Aged Brie, 49, 0"
[91] "Aged Brie, 49, 1"
[92] "Aged Brie, 49, 2"
[93] "Aged Brie, 49, 6"
[94] "Aged Brie, 49, 7"
[95] "Aged Brie, 49, 8"
[96] "Aged Brie, 49, 11"
[97] "Aged Brie, 49, 12"
[98] "Aged Brie, 49, 13"
[99] "Aged Brie, 50, 0"
[100] "Aged Brie, 50, 1"
[101] "Aged Brie, 50, 2"
[102] "Aged Brie, 50, 6"
[103] "Aged Brie, 50, 7"
[104] "Aged Brie, 50, 8"
[105] "Aged Brie, 50, 11"
[106] "Aged Brie, 50, 12"
[107] "Aged Brie, 50, 13"
[108] "Backstage passes to a TAFKAL80ETC concert, -2, 0"
[109] "Backstage passes to a TAFKAL80ETC concert, -2, 0"
[110] "Backstage passes to a TAFKAL80ETC concert, -2, 0"
[111] "Backstage passes to a TAFKAL80ETC concert, -2, 0"
[112] "Backstage passes to a TAFKAL80ETC concert, -2, 0"
[113] "Backstage passes to a TAFKAL80ETC concert, -2, 0"
[114] "Backstage passes to a TAFKAL80ETC concert, -2, 0"
[115] "Backstage passes to a TAFKAL80ETC concert, -2, 0"
[116] "Backstage passes to a TAFKAL80ETC concert, -2, 0"
[117] "Backstage passes to a TAFKAL80ETC concert, -1, 0"
[118] "Backstage passes to a TAFKAL80ETC concert, -1, 0"
[119] "Backstage passes to a TAFKAL80ETC concert, -1, 0"
[120] "Backstage passes to a TAFKAL80ETC concert, -1, 0"
[121] "Backstage passes to a TAFKAL80ETC concert, -1, 0"
[122] "Backstage passes to a TAFKAL80ETC concert, -1, 0"
[123] "Backstage passes to a TAFKAL80ETC concert, -1, 0"
[124] "Backstage passes to a TAFKAL80ETC concert, -1, 0"
[125] "Backstage passes to a TAFKAL80ETC concert, -1, 0"
[126] "Backstage passes to a TAFKAL80ETC concert, 0, 2"
[127] "Backstage passes to a TAFKAL80ETC concert, 0, 3"
[128] "Backstage passes to a TAFKAL80ETC concert, 0, 4"
[129] "Backstage passes to a TAFKAL80ETC concert, 0, 8"
[130] "Backstage passes to a TAFKAL80ETC concert, 0, 9"
[131] "Backstage passes to a TAFKAL80ETC concert, 0, 10"
[132] "Backstage passes to a TAFKAL80ETC concert, 0, 13"
[133] "Backstage passes to a TAFKAL80ETC concert, 0, 14"
[134] "Backstage passes to a TAFKAL80ETC concert, 0, 15"
[135] "Backstage passes to a TAFKAL80ETC concert, 48, 0"
[136] "Backstage passes to a TAFKAL80ETC concert, 48, 1"
[137] "Backstage passes to a TAFKAL80ETC concert, 48, 2"
[138] "Backstage passes to a TAFKAL80ETC concert, 48, 6"
[139] "Backstage passes to a TAFKAL80ETC concert, 48, 7"
[140] "Backstage passes to a TAFKAL80ETC concert, 48, 8"
[141] "Backstage passes to a TAFKAL80ETC concert, 48, 11"
[142] "Backstage passes to a TAFKAL80ETC concert, 48, 12"
[143] "Backstage passes to a TAFKAL80ETC concert, 48, 13"
[144] "Backstage passes to a TAFKAL80ETC concert, 49, 0"
[145] "Backstage passes to a TAFKAL80ETC concert, 49, 1"
[146] "Backstage passes to a TAFKAL80ETC concert, 49, 2"
[147] "Backstage passes to a TAFKAL80ETC concert, 49, 6"
[148] "Backstage passes to a TAFKAL80ETC concert, 49, 7"
[149] "Backstage passes to a TAFKAL80ETC concert, 49, 8"
[150] "Backstage passes to a TAFKAL80ETC concert, 49, 11"
[151] "Backstage passes to a TAFKAL80ETC concert, 49, 12"
[152] "Backstage passes to a TAFKAL80ETC concert, 49, 13"
[153] "Backstage passes to a TAFKAL80ETC concert, 50, 0"
[154] "Backstage passes to a TAFKAL80ETC concert, 50, 1"
[155] "Backstage passes to a TAFKAL80ETC concert, 50, 2"
[156] "Backstage passes to a TAFKAL80ETC concert, 50, 6"
[157] "Backstage passes to a TAFKAL80ETC concert, 50, 7"
[158] "Backstage passes to a TAFKAL80ETC concert, 50, 8"
[159] "Backstage passes to a TAFKAL80ETC concert, 50, 11"
[160] "Backstage passes to a TAFKAL80ETC concert, 50, 12"
[161] "Backstage passes to a TAFKAL80ETC concert, 50, 13"
[162] "Sulfuras, Hand of Ragnaros, -1, -1"
[163] "Sulfuras, Hand of Ragnaros, -1, 0"
[164] "Sulfuras, Hand of Ragnaros, -1, 1"
[165] "Sulfuras, Hand of Ragnaros, -1, 5"
[166] "Sulfuras, Hand of Ragnaros, -1, 6"
[167] "Sulfuras, Hand of Ragnaros, -1, 7"
[168] "Sulfuras, Hand of Ragnaros, -1, 10"
[169] "Sulfuras, Hand of Ragnaros, -1, 11"
[170] "Sulfuras, Hand of Ragnaros, -1, 12"
[171] "Sulfuras, Hand of Ragnaros, 0, -1"
[172] "Sulfuras, Hand of Ragnaros, 0, 0"
[173] "Sulfuras, Hand of Ragnaros, 0, 1"
[174] "Sulfuras, Hand of Ragnaros, 0, 5"
[175] "Sulfuras, Hand of Ragnaros, 0, 6"
[176] "Sulfuras, Hand of Ragnaros, 0, 7"
[177] "Sulfuras, Hand of Ragnaros, 0, 10"
[178] "Sulfuras, Hand of Ragnaros, 0, 11"
[179] "Sulfuras, Hand of Ragnaros, 0, 12"
[180] "Sulfuras, Hand of Ragnaros, 1, -1"
[181] "Sulfuras, Hand of Ragnaros, 1, 0"
[182] "Sulfuras, Hand of Ragnaros, 1, 1"
[183] "Sulfuras, Hand of Ragnaros, 1, 5"
[184] "Sulfuras, Hand of Ragnaros, 1, 6"
[185] "Sulfuras, Hand of Ragnaros, 1, 7"
[186] "Sulfuras, Hand of Ragnaros, 1, 10"
[187] "Sulfuras, Hand of Ragnaros, 1, 11"
[188] "Sulfuras, Hand of Ragnaros, 1, 12"
[189] "Sulfuras, Hand of Ragnaros, 49, -1"
[190] "Sulfuras, Hand of Ragnaros, 49, 0"
[191] "Sulfuras, Hand of Ragnaros, 49, 1"
[192] "Sulfuras, Hand of Ragnaros, 49, 5"
[193] "Sulfuras, Hand of Ragnaros, 49, 6"
[194] "Sulfuras, Hand of Ragnaros, 49, 7"
[195] "Sulfuras, Hand of Ragnaros, 49, 10"
[196] "Sulfuras, Hand of Ragnaros, 49, 11"
[197] "Sulfuras, Hand of Ragnaros, 49, 12"
[198] "Sulfuras, Hand of Ragnaros, 50, -1"
[199] "Sulfuras, Hand of Ragnaros, 50, 0"
[200] "Sulfuras, Hand of Ragnaros, 50, 1"
[201] "Sulfuras, Hand of Ragnaros, 50, 5"
[202] "Sulfuras, Hand of Ragnaros, 50, 6"
[203] "Sulfuras, Hand of Ragnaros, 50, 7"
[204] "Sulfuras, Hand of Ragnaros, 50, 10"
[205] "Sulfuras, Hand of Ragnaros, 50, 11"
[206] "Sulfuras, Hand of Ragnaros, 50, 12"
[207] "Sulfuras, Hand of Ragnaros, 51, -1"
[208] "Sulfuras, Hand of Ragnaros, 51, 0"
[209] "Sulfuras, Hand of Ragnaros, 51, 1"
[210] "Sulfuras, Hand of Ragnaros, 51, 5"
[211] "Sulfuras, Hand of Ragnaros, 51, 6"
[212] "Sulfuras, Hand of Ragnaros, 51, 7"
[213] "Sulfuras, Hand of Ragnaros, 51, 10"
[214] "Sulfuras, Hand of Ragnaros, 51, 11"
[215] "Sulfuras, Hand of Ragnaros, 51, 12"
